Saaaaaaaaaaaaaaaaaaaaaaaaaaaaaaaaaaaaaaaaaaaaaaaaaaabbbbbbbbbbbbbbbbbbbbaaaaaaaaaaaabbbbbbbbbbbbbbbbbbb
aSaaaaaaaaaaaaaaaaaaaaaaaaaaaaaaaaaaaaaaaaaaaaaaaaaabbbbbbbbbbbbbbbbbbbbaaaaaaaaaaaabbbbbbbbbbbbbbbbbbb
aaSaaaaaaaaaaaaaaaaaaaaaaaaaaaaaaaaaaaaaaaaaaaaaaaaabbbbbbbbbbbbbbbbbbbbaaaaaaaaaaaabbbbbbbbbbbbbbbbbbb
aaaSaaaaaaaaaaaaaaaaaaaaaaaaaaaaaaaaaaaaaaaaaaaaaaaabbbbbbbbbbbbbbbbbbbbaaaaaaaaaaaabbbbbbbbbbbbbbbbbbb
aaaaSaaaaaaaaaaaaaaaaaaaaaaaaaaaaaaaaaaaaaaaaaaaaaaabbbbbbbbbbbbbbbbbbbbaaaaaaaaaaaabbbbbbbbbbbbbbbbbbb
aaaaaSaaaaaaaaaaaaaaaaaaaaaaaaaaaaaaaaaaaaaaaaaaaaaabbbbbbbbbbbbbbbbbbbbaaaaaaaaaaaabbbbbbbbbbbbbbbbbbb
aaaaaaSaaaaaaaaaaaaaaaaaaaaaaaaaaaaaaaaaaaaaaaaaaaaabbbbbbbbbbbbbbbbbbbbaaaaaaaaaaaabbbbbbbbbbbbbbbbbbb
aaaaaaaSaaaaaaaaaaaaaaaaaaaaaaaaaaaaaaaaaaaaaaaaaaaabbbbbbbbbbbbbbbbbbbbaaaaaaaaaaaabbbbbbbbbbbbbbbbbbb
aaaaaaaaSaaaaaaaaaaaaaaaaaaaaaaaaaaaaaaaaaaaaaaaaaaabbbbbbbbbbbbbbbbbbbbaaaaaaaaaaaabbbbbbbbbbbbbbbbbbb
aaaaaaaaaSaaaaaaaaaaaaaaaaaaaaaaaaaaaaaaaaaaaaaaaaaabbbbbbbbbbbbbbbbbbbbaaaaaaaaaaaabbbbbbbbbbbbbbbbbbb
aaaaaaaaaaSaaaaaaaaaaaaaaaaaaaaaaaaaaaaaaaaaaaaaaaaabbbbbbbbbbbbbbbbbbbbaaaaaaaaaaaabbbbbbbbbbbbbbbbbbb
aaaaaaaaaaaSaaaaaaaaaaaaaaaaaaaaaaaaaaaaaaaaaaaaaaaabbbbbbbbbbbbbbbbbbbbaaaaaaaaaaaabbbbbbbbbbbbbbbbbbb
aaaaaaaaaaaaSaaaaaaaaaaaaaaaaaaaaaaaaaaaaaaaaaaaaaaabbbbbbbbbbbbbbbbbbbbaaaaaaaaaaaabbbbbbbbbbbbbbbbbbb
aaaaaaaaaaaaaSaaaaaaaaaaaaaaaaaaaaaaaaaaaaaaaaaaaaaabbbbbbbbbbbbbbbbbbbbaaaaaaaaaaaabbbbbbbbbbbbbbbbbbb
aaaaaaaaaaaaaaSaaaaaaaaaaaaaaaaaaaaaaaaaaaaaaaaaaaaabbbbbbbbbbbbbbbbbbbbaaaaaaaaaaaabbbbbbbbbbbbbbbbbbb
aaaaaaaaaaaaaaaSaaaaaaaaaaaaaaaaaaaaaaaaaaaaaaaaaaaabbbbbbbbbbbbbbbbbbbbaaaaaaaaaaaabbbbbbbbbbbbbbbbbbb
aaaaaaaaaaaaaaaaSaaaaaaaaaaaaaaaaaaaaaaaaaaaaaaaaaaabbbbbbbbbbbbbbbbbbbbaaaaaaaaaaaabbbbbbbbbbbbbbbbbbb
aaaaaaaaaaaaaaaaaSaaaaaaaaaaaaaaaaaaaaaaaaaaaaaaaaaabbbbbbbbbbbbbbbbbbbbaaaaaaaaaaaabbbbbbbbbbbbbbbbbbb
aaaaaaaaaaaaaaaaaaSaaaaaaaaaaaaaaaaaaaaaaaaaaaaaaaaabbbbbbbbbbbbbbbbbbbbaaaaaaaaaaaabbbbbbbbbbbbbbbbbbb
aaaaaaaaaaaaaaaaaaaSaaaaaaaaaaaaaaaaaaaaaaaaaaaaaaaabbbbbbbbbbbbbbbbbbbbaaaaaaaaaaaabbbbbbbbbbbbbbbbbbb
aaaaaaaaaaaaaaaaaaaaSaaaaaaaaaaaaaaaaaaaaaaaaaaaaaaabbbbbbbbbbbbbbbbbbbbaaaaaaaaaaaabbbbbbbbbbbbbbbbbbb
aaaaaaaaaaaaaaaaaaaaaSaaaaaaaaaaaaaaaaaaaaaaaaaaaaaabbbbbbbbbbbbbbbbbbbbaaaaaaaaaaaabbbbbbbbbbbbbbbbbbb
aaaaaaaaaaaaaaaaaaaaaaSaaaaaaaaaaaaaaaaaaaaaaaaaaaaabbbbbbbbbbbbbbbbbbbbaaaaaaaaaaaabbbbbbbbbbbbbbbbbbb
aaaaaaaaaaaaaaaaaaaaaaaSaaaaaaaaaaaaaaaaaaaaaaaaaaaabbbbbbbbbbbbbbbbbbbbaaaaaaaaaaaabbbbbbbbbbbbbbbbbbb
aaaaaaaaaaaaaaaaaaaaaaaaSaaaaaaaaaaaaaaaaaaaaaaaaaaabbbbbbbbbbbbbbbbbbbbaaaaaaaaaaaabbbbbbbbbbbbbbbbbbb
aaaaaaaaaaaaaaaaaaaaaaaaaSaaaaaaaaaaaaaaaaaaaaaaaaaabbbbbbbbbbbbbbbbbbbbaaaaaaaaaaaabbbbbbbbbbbbbbbbbbb
aaaaaaaaaaaaaaaaaaaaaaaaaaSaaaaaaaaaaaaaaaaaaaaaaaaabbbbbbbbbbbbbbbbbbbbaaaaaaaaaaaabbbbbbbbbbbbbbbbbbb
aaaaaaaaaaaaaaaaaaaaaaaaaaaSaaaaaaaaaaaaaaaaaaaaaaaabbbbbbbbbbbbbbbbbbbbaaaaaaaaaaaabbbbbbbbbbbbbbbbbbb
aaaaaaaaaaaaaaaaaaaaaaaaaaaaSaaaaaaaaaaaaaaaaaaaaaaabbbbbbbbbbbbbbbbbbbbaaaaaaaaaaaabbbbbbbbbbbbbbbbbbb
aaaaaaaaaaaaaaaaaaaaaaaaaaaaaSaaaaaaaaaaaaaaaaaaaaaabbbbbbbbbbbbbbbbbbbbaaaaaaaaaaaabbbbbbbbbbbbbbbbbbb
aaaaaaaaaaaaaaaaaaaaaaaaaaaaaaSaaaaaaaaaaaaaaaaaaaaabbbbbbbbbbbbbbbbbbbbaaaaaaaaaaaabbbbbbbbbbbbbbbbbbb
aaaaaaaaaaaaaaaaaaaaaaaaaaaaaaaSaaaaaaaaaaaaaaaaaaaabbbbbbbbbbbbbbbbbbbbaaaaaaaaaaaabbbbbbbbbbbbbbbbbbb
aaaaaaaaaaaaaaaaaaaaaaaaaaaaaaaaSaaaaaaaaaaaaaaaaaaabbbbbbbbbbbbbbbbbbbbaaaaaaaaaaaabbbbbbbbbbbbbbbbbbb
aaaaaaaaaaaaaaaaaaaaaaaaaaaaaaaaaSaaaaaaaaaaaaaaaaaabbbbbbbbbbbbbbbbbbbbaaaaaaaaaaaabbbbbbbbbbbbbbbbbbb
aaaaaaaaaaaaaaaaaaaaaaaaaaaaaaaaaaSaaaaaaaaaaaaaaaaabbbbbbbbbbbbbbbbbbbbaaaaaaaaaaaabbbbbbbbbbbbbbbbbbb
aaaaaaaaaaaaaaaaaaaaaaaaaaaaaaaaaaaSaaaaaaaaaaaaaaaabbbbbbbbbbbbbbbbbbbbaaaaaaaaaaaabbbbbbbbbbbbbbbbbbb
aaaaaaaaaaaaaaaaaaaaaaaaaaaaaaaaaaaaSaaaaaaaaaaaaaaabbbbbbbbbbbbbbbbbbbbaaaaaaaaaaaabbbbbbbbbbbbbbbbbbb
aaaaaaaaaaaaaaaaaaaaaaaaaaaaaaaaaaaaaSaaaaaaaaaaaaaabbbbbbbbbbbbbbbbbbbbaaaaaaaaaaaabbbbbbbbbbbbbbbbbbb
aaaaaaaaaaaaaaaaaaaaaaaaaaaaaaaaaaaaaaSaaaaaaaaaaaaabbbbbbbbbbbbbbbbbbbbaaaaaaaaaaaabbbbbbbbbbbbbbbbbbb
aaaaaaaaaaaaaaaaaaaaaaaaaaaaaaaaaaaaaaaSaaaaaaaaaaaabbbbbbbbbbbbbbbbbbbbaaaaaaaaaaaabbbbbbbbbbbbbbbbbbb
aaaaaaaaaaaaaaaaaaaaaaaaaaaaaaaaaaaaaaaaSaaaaaaaaaaabbbbbbbbbbbbbbbbbbbbaaaaaaaaaaaabbbbbbbbbbbbbbbbbbb
aaaaaaaaaaaaaaaaaaaaaaaaaaaaaaaaaaaaaaaaaSaaaaaaaaaabbbbbbbbbbbbbbbbbbbbaaaaaaaaaaaabbbbbbbbbbbbbbbbbbb
aaaaaaaaaaaaaaaaaaaaaaaaaaaaaaaaaaaaaaaaaaSaaaaaaaaabbbbbbbbbbbbbbbbbbbbaaaaaaaaaaaabbbbbbbbbbbbbbbbbbb
aaaaaaaaaaaaaaaaaaaaaaaaaaaaaaaaaaaaaaaaaaaSaaaaaaaabbbbbbbbbbbbbbbbbbbbaaaaaaaaaaaabbbbbbbbbbbbbbbbbbb
aaaaaaaaaaaaaaaaaaaaaaaaaaaaaaaaaaaaaaaaaaaaSaaaaaaabbbbbbbbbbbbbbbbbbbbaaaaaaaaaaaabbbbbbbbbbbbbbbbbbb
aaaaaaaaaaaaaaaaaaaaaaaaaaaaaaaaaaaaaaaaaaaaaSaaaaaabbbbbbbbbbbbbbbbbbbbaaaaaaaaaaaabbbbbbbbbbbbbbbbbbb
aaaaaaaaaaaaaaaaaaaaaaaaaaaaaaaaaaaaaaaaaaaaaaSaaaaabbbbbbbbbbbbbbbbbbbbaaaaaaaaaaaabbbbbbbbbbbbbbbbbbb
aaaaaaaaaaaaaaaaaaaaaaaaaaaaaaaaaaaaaaaaaaaaaaaSaaaabbbbbbbbbbbbbbbbbbbbaaaaaaaaaaaabbbbbbbbbbbbbbbbbbb
aaaaaaaaaaaaaaaaaaaaaaaaaaaaaaaaaaaaaaaaaaaaaaaaSaaabbbbbbbbbbbbbbbbbbbbaaaaaaaaaaaabbbbbbbbbbbbbbbbbbb
aaaaaaaaaaaaaaaaaaaaaaaaaaaaaaaaaaaaaaaaaaaaaaaaaSaabbbbbbbbbbbbbbbbbbbbaaaaaaaaaaaabbbbbbbbbbbbbbbbbbb
aaaaaaaaaaaaaaaaaaaaaaaaaaaaaaaaaaaaaaaaaaaaaaaaaaSabbbbbbbbbbbbbbbbbbbbaaaaaaaaaaaabbbbbbbbbbbbbbbbbbb
aaaaaaaaaaaaaaaaaaaaaaaaaaaaaaaaaaaaaaaaaaaaaaaaaaaSbbbbbbbbbbbbbbbbbbbbaaaaaaaaaaaabbbbbbbbbbbbbbbbbbb
aaaaaaaaaaaaaaaaaaaaaaaaaaaaaaaaaaaaaaaaaaaaaaaaaaabSbbbbbbbbbbbbbbbbbbbaaaaaaaaaaaabbbbbbbbbbbbbbbbbbb
aaaaaaaaaaaaaaaaaaaaaaaaaaaaaaaaaaaaaaaaaaaaaaaaaaabbSbbbbbbbbbbbbbbbbbbaaaaaaaaaaaabbbbbbbbbbbbbbbbbbb
aaaaaaaaaaaaaaaaaaaaaaaaaaaaaaaaaaaaaaaaaaaaaaaaaaabbbSbbbbbbbbbbbbbbbbbaaaaaaaaaaaabbbbbbbbbbbbbbbbbbb
aaaaaaaaaaaaaaaaaaaaaaaaaaaaaaaaaaaaaaaaaaaaaaaaaaabbbbSbbbbbbbbbbbbbbbbaaaaaaaaaaaabbbbbbbbbbbbbbbbbbb
aaaaaaaaaaaaaaaaaaaaaaaaaaaaaaaaaaaaaaaaaaaaaaaaaaabbbbbSbbbbbbbbbbbbbbbaaaaaaaaaaaabbbbbbbbbbbbbbbbbbb
aaaaaaaaaaaaaaaaaaaaaaaaaaaaaaaaaaaaaaaaaaaaaaaaaaabbbbbbSbbbbbbbbbbbbbbaaaaaaaaaaaabbbbbbbbbbbbbbbbbbb
aaaaaaaaaaaaaaaaaaaaaaaaaaaaaaaaaaaaaaaaaaaaaaaaaaabbbbbbbSbbbbbbbbbbbbbaaaaaaaaaaaabbbbbbbbbbbbbbbbbbb
aaaaaaaaaaaaaaaaaaaaaaaaaaaaaaaaaaaaaaaaaaaaaaaaaaabbbbbbbbSbbbbbbbbbbbbaaaaaaaaaaaabbbbbbbbbbbbbbbbbbb
aaaaaaaaaaaaaaaaaaaaaaaaaaaaaaaaaaaaaaaaaaaaaaaaaaabbbbbbbbbSbbbbbbbbbbbaaaaaaaaaaaabbbbbbbbbbbbbbbbbbb
aaaaaaaaaaaaaaaaaaaaaaaaaaaaaaaaaaaaaaaaaaaaaaaaaaabbbbbbbbbbSbbbbbbbbbbaaaaaaaaaaaabbbbbbbbbbbbbbbbbbb
aaaaaaaaaaaaaaaaaaaaaaaaaaaaaaaaaaaaaaaaaaaaaaaaaaabbbbbbbbbbbSbbbbbbbbbaaaaaaaaaaaabbbbbbbbbbbbbbbbbbb
aaaaaaaaaaaaaaaaaaaaaaaaaaaaaaaaaaaaaaaaaaaaaaaaaaabbbbbbbbbbbbSbbbbbbbbaaaaaaaaaaaabbbbbbbbbbbbbbbbbbb
aaaaaaaaaaaaaaaaaaaaaaaaaaaaaaaaaaaaaaaaaaaaaaaaaaabbbbbbbbbbbbbSbbbbbbbaaaaaaaaaaaabbbbbbbbbbbbbbbbbbb
aaaaaaaaaaaaaaaaaaaaaaaaaaaaaaaaaaaaaaaaaaaaaaaaaaabbbbbbbbbbbbbbSbbbbbbaaaaaaaaaaaabbbbbbbbbbbbbbbbbbb
aaaaaaaaaaaaaaaaaaaaaaaaaaaaaaaaaaaaaaaaaaaaaaaaaaabbbbbbbbbbbbbbbSbbbbbaaaaaaaaaaaabbbbbbbbbbbbbbbbbbb
aaaaaaaaaaaaaaaaaaaaaaaaaaaaaaaaaaaaaaaaaaaaaaaaaaabbbbbbbbbbbbbbbbSbbbbaaaaaaaaaaaabbbbbbbbbbbbbbbbbbb
aaaaaaaaaaaaaaaaaaaaaaaaaaaaaaaaaaaaaaaaaaaaaaaaaaabbbbbbbbbbbbbbbbbSbbbaaaaaaaaaaaabbbbbbbbbbbbbbbbbbb
aaaaaaaaaaaaaaaaaaaaaaaaaaaaaaaaaaaaaaaaaaaaaaaaaaabbbbbbbbbbbbbbbbbbSbbaaaaaaaaaaaabbbbbbbbbbbbbbbbbbb
aaaaaaaaaaaaaaaaaaaaaaaaaaaaaaaaaaaaaaaaaaaaaaaaaaabbbbbbbbbbbbbbbbbbbSbaaaaaaaaaaaabbbbbbbbbbbbbbbbbbb
aaaaaaaaaaaaaaaaaaaaaaaaaaaaaaaaaaaaaaaaaaaaaaaaaaabbbbbbbbbbbbbbbbbbbbSaaaaaaaaaaaabbbbbbbbbbbbbbbbbbb
aaaaaaaaaaaaaaaaaaaaaaaaaaaaaaaaaaaaaaaaaaaaaaaaaaabbbbbbbbbbbbbbbbbbbbaSaaaaaaaaaaabbbbbbbbbbbbbbbbbbb
aaaaaaaaaaaaaaaaaaaaaaaaaaaaaaaaaaaaaaaaaaaaaaaaaaabbbbbbbbbbbbbbbbbbbbaaSaaaaaaaaaabbbbbbbbbbbbbbbbbbb
aaaaaaaaaaaaaaaaaaaaaaaaaaaaaaaaaaaaaaaaaaaaaaaaaaabbbbbbbbbbbbbbbbbbbbaaaSaaaaaaaaabbbbbbbbbbbbbbbbbbb
aaaaaaaaaaaaaaaaaaaaaaaaaaaaaaaaaaaaaaaaaaaaaaaaaaabbbbbbbbbbbbbbbbbbbbaaaaSaaaaaaaabbbbbbbbbbbbbbbbbbb
aaaaaaaaaaaaaaaaaaaaaaaaaaaaaaaaaaaaaaaaaaaaaaaaaaabbbbbbbbbbbbbbbbbbbbaaaaaSaaaaaaabbbbbbbbbbbbbbbbbbb
aaaaaaaaaaaaaaaaaaaaaaaaaaaaaaaaaaaaaaaaaaaaaaaaaaabbbbbbbbbbbbbbbbbbbbaaaaaaSaaaaaabbbbbbbbbbbbbbbbbbb
aaaaaaaaaaaaaaaaaaaaaaaaaaaaaaaaaaaaaaaaaaaaaaaaaaabbbbbbbbbbbbbbbbbbbbaaaaaaaSaaaaabbbbbbbbbbbbbbbbbbb
aaaaaaaaaaaaaaaaaaaaaaaaaaaaaaaaaaaaaaaaaaaaaaaaaaabbbbbbbbbbbbbbbbbbbbaaaaaaaaSaaaabbbbbbbbbbbbbbbbbbb
aaaaaaaaaaaaaaaaaaaaaaaaaaaaaaaaaaaaaaaaaaaaaaaaaaabbbbbbbbbbbbbbbbbbbbaaaaaaaaaSaaabbbbbbbbbbbbbbbbbbb
aaaaaaaaaaaaaaaaaaaaaaaaaaaaaaaaaaaaaaaaaaaaaaaaaaabbbbbbbbbbbbbbbbbbbbaaaaaaaaaaSaabbbbbbbbbbbbbbbbbbb
aaaaaaaaaaaaaaaaaaaaaaaaaaaaaaaaaaaaaaaaaaaaaaaaaaabbbbbbbbbbbbbbbbbbbbaaaaaaaaaaaSabbbbbbbbbbbbbbbbbbb
aaaaaaaaaaaaaaaaaaaaaaaaaaaaaaaaaaaaaaaaaaaaaaaaaaabbbbbbbbbbbbbbbbbbbbaaaaaaaaaaaaSbbbbbbbbbbbbbbbbbbb
aaaaaaaaaaaaaaaaaaaaaaaaaaaaaaaaaaaaaaaaaaaaaaaaaaabbbbbbbbbbbbbbbbbbbbaaaaaaaaaaaabSbbbbbbbbbbbbbbbbbb
aaaaaaaaaaaaaaaaaaaaaaaaaaaaaaaaaaaaaaaaaaaaaaaaaaabbbbbbbbbbbbbbbbbbbbaaaaaaaaaaaabbSbbbbbbbbbbbbbbbbb
aaaaaaaaaaaaaaaaaaaaaaaaaaaaaaaaaaaaaaaaaaaaaaaaaaabbbbbbbbbbbbbbbbbbbbaaaaaaaaaaaabbbSbbbbbbbbbbbbbbbb
aaaaaaaaaaaaaaaaaaaaaaaaaaaaaaaaaaaaaaaaaaaaaaaaaaabbbbbbbbbbbbbbbbbbbbaaaaaaaaaaaabbbbSbbbbbbbbbbbbbbb
aaaaaaaaaaaaaaaaaaaaaaaaaaaaaaaaaaaaaaaaaaaaaaaaaaabbbbbbbbbbbbbbbbbbbbaaaaaaaaaaaabbbbbSbbbbbbbbbbbbbb
aaaaaaaaaaaaaaaaaaaaaaaaaaaaaaaaaaaaaaaaaaaaaaaaaaabbbbbbbbbbbbbbbbbbbbaaaaaaaaaaaabbbbbbSbbbbbbbbbbbbb
aaaaaaaaaaaaaaaaaaaaaaaaaaaaaaaaaaaaaaaaaaaaaaaaaaabbbbbbbbbbbbbbbbbbbbaaaaaaaaaaaabbbbbbbSbbbbbbbbbbbb
aaaaaaaaaaaaaaaaaaaaaaaaaaaaaaaaaaaaaaaaaaaaaaaaaaabbbbbbbbbbbbbbbbbbbbaaaaaaaaaaaabbbbbbbbSbbbbbbbbbbb
aaaaaaaaaaaaaaaaaaaaaaaaaaaaaaaaaaaaaaaaaaaaaaaaaaabbbbbbbbbbbbbbbbbbbbaaaaaaaaaaaabbbbbbbbbSbbbbbbbbbb
aaaaaaaaaaaaaaaaaaaaaaaaaaaaaaaaaaaaaaaaaaaaaaaaaaabbbbbbbbbbbbbbbbbbbbaaaaaaaaaaaabbbbbbbbbbSbbbbbbbbb
aaaaaaaaaaaaaaaaaaaaaaaaaaaaaaaaaaaaaaaaaaaaaaaaaaabbbbbbbbbbbbbbbbbbbbaaaaaaaaaaaabbbbbbbbbbbSbbbbbbbb
aaaaaaaaaaaaaaaaaaaaaaaaaaaaaaaaaaaaaaaaaaaaaaaaaaabbbbbbbbbbbbbbbbbbbbaaaaaaaaaaaabbbbbbbbbbbbSbbbbbbb
aaaaaaaaaaaaaaaaaaaaaaaaaaaaaaaaaaaaaaaaaaaaaaaaaaabbbbbbbbbbbbbbbbbbbbaaaaaaaaaaaabbbbbbbbbbbbbSbbbbbb
aaaaaaaaaaaaaaaaaaaaaaaaaaaaaaaaaaaaaaaaaaaaaaaaaaabbbbbbbbbbbbbbbbbbbbaaaaaaaaaaaabbbbbbbbbbbbbbSbbbbb
aaaaaaaaaaaaaaaaaaaaaaaaaaaaaaaaaaaaaaaaaaaaaaaaaaabbbbbbbbbbbbbbbbbbbbaaaaaaaaaaaabbbbbbbbbbbbbbbSbbbb
aaaaaaaaaaaaaaaaaaaaaaaaaaaaaaaaaaaaaaaaaaaaaaaaaaabbbbbbbbbbbbbbbbbbbbaaaaaaaaaaaabbbbbbbbbbbbbbbbSbbb
aaaaaaaaaaaaaaaaaaaaaaaaaaaaaaaaaaaaaaaaaaaaaaaaaaabbbbbbbbbbbbbbbbbbbbaaaaaaaaaaaabbbbbbbbbbbbbbbbbSbb
aaaaaaaaaaaaaaaaaaaaaaaaaaaaaaaaaaaaaaaaaaaaaaaaaaabbbbbbbbbbbbbbbbbbbbaaaaaaaaaaaabbbbbbbbbbbbbbbbbbSb
aaaaaaaaaaaaaaaaaaaaaaaaaaaaaaaaaaaaaaaaaaaaaaaaaaabbbbbbbbbbbbbbbbbbbbaaaaaaaaaaaabbbbbbbbbbbbbbbbbbbS 
aaaaaaaaaaaaaaaaaaaaaaaaaaaaaaaaaaaaaaaaaaaaaaaaaaabbbbbbbbbbbbbbbbbbbbaaaaaaaaaaaabbbbbbbbbbbbbbbbbbbF 
